
> byose-tech-accountant-hub@0.0.0 build
> vite build

[36mvite v6.4.1 [32mbuilding for production...[36m[39m
transforming...
[32mΓ£ô[39m 2 modules transformed.
node.exe : 
[31mΓ£ù[39m Build 
failed in 112ms
At line:1 char:1
+ & "C:\Program Files
\nodejs/node.exe" "C:
\Users\HP\AppData\Roa
ming\npm ...
+ ~~~~~~~~~~~~~~~~~~~
~~~~~~~~~~~~~~~~~~~~~
~~~~~~~~~~~~~~~~~~~~~
~~~~~~~~
    + CategoryInfo   
           : NotSpe  
  cified: ([31mΓ£   
 ù[39m Build fai    
led in 112ms:Str    
ing) [], RemoteE    
xception
    + FullyQualified 
   ErrorId : Native  
  CommandError
 
[31merror during 
build:
[31m[vite:css] 
Failed to load 
PostCSS config 
(searchPath: 
C:/Users/HP/MONEY 
TRACKING): 
[ReferenceError] 
module is not 
defined in ES module 
scope
This file is being 
treated as an ES 
module because it 
has a '.js' file 
extension and 
'C:\Users\HP\MONEY TR
ACKING\package.json' 
contains "type": 
"module". To treat 
it as a CommonJS 
script, rename it to 
use the '.cjs' file 
extension.
ReferenceError: 
module is not 
defined in ES module 
scope
This file is being 
treated as an ES 
module because it 
has a '.js' file 
extension and 
'C:\Users\HP\MONEY TR
ACKING\package.json' 
contains "type": 
"module". To treat 
it as a CommonJS 
script, rename it to 
use the '.cjs' file 
extension.
    at file:///C:/Use
rs/HP/MONEY%20TRACKIN
G/postcss.config.js?t
=1770677707103:1:1
    at ModuleJob.run 
(node:internal/module
s/esm/module_job:377:
25)
    at async onImport
.tracePromise.__proto
__ (node:internal/mod
ules/esm/loader:691:2
6)
    at async req$3 (f
ile:///C:/Users/HP/MO
NEY%20TRACKING/node_m
odules/vite/dist/node
/chunks/dep-D4NMHUTW.
js:11658:13)
    at async 
Object.search (file:/
//C:/Users/HP/MONEY%2
0TRACKING/node_module
s/vite/dist/node/chun
ks/dep-D4NMHUTW.js:11
400:23)[31m
file: [36mC:/Users/H
P/MONEY TRACKING/inde
x.html?html-proxy&inl
ine-css&index=0.css[
31m
[39m
